
ACCESSIBILITY EVALUATION REPORT
Generated: 2025-08-13 16:27:57
==================================================

EXECUTIVE SUMMARY
Plans evaluated: 0

SCORING RESULTS
====================
